[cadgen] Generating... models/tmp/perf-audit/planetary_gear_assembly.py
[cadgen] generated models/tmp/perf-audit/planetary_gear_assembly.py started
[cadgen] load generator models/tmp/perf-audit/planetary_gear_assembly.py started
[cadgen] load generator models/tmp/perf-audit/planetary_gear_assembly.py completed in 4ms
[cadgen] run step model models/tmp/perf-audit/planetary_gear_assembly.py started
[cadgen] run step model models/tmp/perf-audit/planetary_gear_assembly.py completed in 423ms
[cadgen] built render scene (no STEP written): models/tmp/perf-audit/planetary.step
[cadgen] write tree started
[cadgen] tree: sidecar payload started
[cadgen] tree: sidecar payload completed in 0ms
[cadgen] tree: components started
[cadgen] tree: prepare document started
[cadgen] tree: prepare document completed in 8ms
[cadgen] tree: preview started
[cadgen] tree: preview completed in 9ms
[cadgen] tree: assemble STEP planetary.step started
[cadgen] build XCAF document started
[cadgen] build XCAF document completed in 1ms
[cadgen] transfer XCAF to STEP model planetary.step started
[cadgen] transfer XCAF to STEP model planetary.step completed in 63ms
[cadgen] renumber NAUO ids started
[cadgen] renumber NAUO ids completed in 2ms
[cadgen] plan style tail order started
[cadgen] plan style tail order completed in 2ms
[cadgen] write STEP file planetary.step started
[cadgen] write STEP file planetary.step completed in 43ms
[cadgen] canonicalize style tail (in file) started
[cadgen] canonicalize style tail (in file) completed in 3ms
[cadgen] tree: assemble STEP planetary.step completed in 125ms
[cadgen] tree: re-read STEP planetary.step started
[cadgen] tree: re-read STEP planetary.step completed in 255ms
[cadgen] tree: re-read components started
[cadgen] tree: re-read components completed in 6ms
[cadgen] tree: components completed in 424ms
[cadgen] write tree completed in 433ms
[cadgen] generated models/tmp/perf-audit/planetary_gear_assembly.py completed in 912ms
[cadgen] wrote STEP: models/tmp/perf-audit/planetary.step
[cadgen] total completed in 921ms
built models/tmp/perf-audit/planetary.step
